// Jest Snapshot v1, https://goo.gl/fbAQLP

exports[`Header Should match snapshot 1`] = `"<div class=\\"styled__StHeader-hIeMMX kAxmnQ\\"><div class=\\"styled__StHeaderContainer-bIRgow hYa-DCe\\"><div class=\\"styled__StNavContainer-jDboJm kGeIWZ\\"><img src=\\"src/assets/img/logo.png\\" alt=\\"logo\\" class=\\"styled__StLogo-gRpOwf bEQhLK\\"/></div></div><div class=\\"styled__StHeaderContainer-bIRgow hYa-DCe\\"><div class=\\"styled__StWrapper-kHlHLr fkLuEu\\"><a href=\\"/main\\"><p class=\\"styled__StP-gOoQqg ktsAUY\\"></p></a><a href=\\"/statistic\\"><p class=\\"styled__StP-gOoQqg ktsAUY\\"></p></a></div></div><div class=\\"styled__StHeaderContainer-bIRgow hYa-DCe\\"><div class=\\"styled__StNavContainer-jDboJm kGeIWZ\\"><button class=\\"styled__StThemeToggle-jPlXPr hdfHcR\\"></button><button class=\\"styled__StLangToggle-gXeXkO bpAlfl\\">En</button><a aria-current=\\"page\\" class=\\"active\\" href=\\"/\\"><img src=\\"src/assets/img/logout.svg\\" class=\\"styled__StDoor-kiqXlu ixKzTX\\"/></a></div></div></div> "`;
