// Jest Snapshot v1, https://goo.gl/fbAQLP

exports[`MainRoomsItem Should match snapshot 1`] = `"<a href=\\"/string\\"><div class=\\"styled__StItem-jUSzsl DPkny\\"><p>string</p><span class=\\"styled__StIcon-chPeWD cDIvgb\\"><img src=\\"src/assets/img/play.png\\" alt=\\"string\\"/></span><span class=\\"styled__StIcon-chPeWD cDIvgb\\"><img src=\\"undefined\\" alt=\\"string\\"/></span></div></a>"`;
