// Jest Snapshot v1, https://goo.gl/fbAQLP

exports[`TicTac Should match snapshot 1`] = `"<div class=\\"styled__StTicTacContainer-cgfTf hMsSZf\\"><div class=\\"styled__StTurnText-ctlytA hpdmR\\"></div><div class=\\"styled__StTicTacField-cIDziS fthusY\\"><div class=\\"styled__StTicTacItem-erJWA-d cemGHT\\">s</div><div class=\\"styled__StTicTacItem-erJWA-d cemGHT\\">s</div></div></div>"`;
